Case #1:
NONE
Case #2:
5D: 4
Case #3:
4D: 3
5D: 4
6D: 4
7D: 4
8D: 4
Case #4:
1D: 4
2D: 3
3D: 3
4D: 3
5D: 3
6D: 3
7D: 3
8D: 3
9D: 4
Case #5:
5M: 4
8M: 4
Case #6:
9M: 6
Case #7:
9M: 8
Case #8:
1D: 3
4D: 5
Case #9:
1D: 6
5D: 8
6D: 6
Case #10:
NONE
Case #11:
9D: 1
1B: 1
Case #12:
6B: 1
9B: 2
Case #13:
3M: 1
Case #14:
3M: 1
6M: 1
Case #15:
1D: 4
Case #16:
8D: 3
Case #17:
7B: 1
Case #18:
NONE
Case #19:
NONE
Case #20:
1M: 6
Case #21:
NONE
Case #22:
4M: 3
7M: 3
Case #23:
NONE
Case #24:
1D: 3
Case #25:
1M: 1
4M: 1
7M: 1
Case #26:
1B: 4
4B: 3
7B: 3
8B: 3
Case #27:
1M: 2
2M: 2
3M: 2
Case #28:
3M: 2
6M: 2
Case #29:
NONE
Case #30:
1B: 4
